Archive member included because of file (symbol)

/home/reinder/programs/gcc-arm-embedded/gcc-arm-none-eabi-4_7-2013q1/bin/../lib/gcc/arm-none-eabi/4.7.3/../../../../arm-none-eabi/lib/armv7e-m/fpu/libm.a(lib_a-s_round.o)
                              src/control.o (round)
/home/reinder/programs/gcc-arm-embedded/gcc-arm-none-eabi-4_7-2013q1/bin/../lib/gcc/arm-none-eabi/4.7.3/../../../../arm-none-eabi/lib/armv7e-m/fpu/libm.a(lib_a-w_atan2.o)
                              src/control.o (atan2)
/home/reinder/programs/gcc-arm-embedded/gcc-arm-none-eabi-4_7-2013q1/bin/../lib/gcc/arm-none-eabi/4.7.3/../../../../arm-none-eabi/lib/armv7e-m/fpu/libm.a(lib_a-e_atan2.o)
                              /home/reinder/programs/gcc-arm-embedded/gcc-arm-none-eabi-4_7-2013q1/bin/../lib/gcc/arm-none-eabi/4.7.3/../../../../arm-none-eabi/lib/armv7e-m/fpu/libm.a(lib_a-w_atan2.o) (__ieee754_atan2)
/home/reinder/programs/gcc-arm-embedded/gcc-arm-none-eabi-4_7-2013q1/bin/../lib/gcc/arm-none-eabi/4.7.3/../../../../arm-none-eabi/lib/armv7e-m/fpu/libm.a(lib_a-s_atan.o)
                              /home/reinder/programs/gcc-arm-embedded/gcc-arm-none-eabi-4_7-2013q1/bin/../lib/gcc/arm-none-eabi/4.7.3/../../../../arm-none-eabi/lib/armv7e-m/fpu/libm.a(lib_a-e_atan2.o) (atan)
/home/reinder/programs/gcc-arm-embedded/gcc-arm-none-eabi-4_7-2013q1/bin/../lib/gcc/arm-none-eabi/4.7.3/../../../../arm-none-eabi/lib/armv7e-m/fpu/libm.a(lib_a-s_fabs.o)
                              /home/reinder/programs/gcc-arm-embedded/gcc-arm-none-eabi-4_7-2013q1/bin/../lib/gcc/arm-none-eabi/4.7.3/../../../../arm-none-eabi/lib/armv7e-m/fpu/libm.a(lib_a-e_atan2.o) (fabs)
/home/reinder/programs/gcc-arm-embedded/gcc-arm-none-eabi-4_7-2013q1/bin/../lib/gcc/arm-none-eabi/4.7.3/../../../../arm-none-eabi/lib/armv7e-m/fpu/libc.a(lib_a-__atexit.o)
                              /home/reinder/programs/gcc-arm-embedded/gcc-arm-none-eabi-4_7-2013q1/bin/../lib/gcc/arm-none-eabi/4.7.3/../../../../arm-none-eabi/lib/armv7e-m/fpu/crt0.o (__register_exitproc)
/home/reinder/programs/gcc-arm-embedded/gcc-arm-none-eabi-4_7-2013q1/bin/../lib/gcc/arm-none-eabi/4.7.3/../../../../arm-none-eabi/lib/armv7e-m/fpu/libc.a(lib_a-exit.o)
                              /home/reinder/programs/gcc-arm-embedded/gcc-arm-none-eabi-4_7-2013q1/bin/../lib/gcc/arm-none-eabi/4.7.3/../../../../arm-none-eabi/lib/armv7e-m/fpu/crt0.o (exit)
/home/reinder/programs/gcc-arm-embedded/gcc-arm-none-eabi-4_7-2013q1/bin/../lib/gcc/arm-none-eabi/4.7.3/../../../../arm-none-eabi/lib/armv7e-m/fpu/libc.a(lib_a-fini.o)
                              /home/reinder/programs/gcc-arm-embedded/gcc-arm-none-eabi-4_7-2013q1/bin/../lib/gcc/arm-none-eabi/4.7.3/../../../../arm-none-eabi/lib/armv7e-m/fpu/crt0.o (__libc_fini_array)
/home/reinder/programs/gcc-arm-embedded/gcc-arm-none-eabi-4_7-2013q1/bin/../lib/gcc/arm-none-eabi/4.7.3/../../../../arm-none-eabi/lib/armv7e-m/fpu/libc.a(lib_a-impure.o)
                              /home/reinder/programs/gcc-arm-embedded/gcc-arm-none-eabi-4_7-2013q1/bin/../lib/gcc/arm-none-eabi/4.7.3/../../../../arm-none-eabi/lib/armv7e-m/fpu/libc.a(lib_a-__atexit.o) (_global_impure_ptr)
/home/reinder/programs/gcc-arm-embedded/gcc-arm-none-eabi-4_7-2013q1/bin/../lib/gcc/arm-none-eabi/4.7.3/../../../../arm-none-eabi/lib/armv7e-m/fpu/libc.a(lib_a-init.o)
                              /home/reinder/programs/gcc-arm-embedded/gcc-arm-none-eabi-4_7-2013q1/bin/../lib/gcc/arm-none-eabi/4.7.3/../../../../arm-none-eabi/lib/armv7e-m/fpu/crt0.o (__libc_init_array)
/home/reinder/programs/gcc-arm-embedded/gcc-arm-none-eabi-4_7-2013q1/bin/../lib/gcc/arm-none-eabi/4.7.3/../../../../arm-none-eabi/lib/armv7e-m/fpu/libc.a(lib_a-memcpy.o)
                              src/main.o (memcpy)
/home/reinder/programs/gcc-arm-embedded/gcc-arm-none-eabi-4_7-2013q1/bin/../lib/gcc/arm-none-eabi/4.7.3/../../../../arm-none-eabi/lib/armv7e-m/fpu/libc.a(lib_a-memset.o)
                              /home/reinder/programs/gcc-arm-embedded/gcc-arm-none-eabi-4_7-2013q1/bin/../lib/gcc/arm-none-eabi/4.7.3/../../../../arm-none-eabi/lib/armv7e-m/fpu/crt0.o (memset)
/home/reinder/programs/gcc-arm-embedded/gcc-arm-none-eabi-4_7-2013q1/bin/../lib/gcc/arm-none-eabi/4.7.3/../../../../arm-none-eabi/lib/armv7e-m/fpu/libc.a(lib_a-__call_atexit.o)
                              /home/reinder/programs/gcc-arm-embedded/gcc-arm-none-eabi-4_7-2013q1/bin/../lib/gcc/arm-none-eabi/4.7.3/../../../../arm-none-eabi/lib/armv7e-m/fpu/libc.a(lib_a-exit.o) (__call_exitprocs)
/home/reinder/programs/gcc-arm-embedded/gcc-arm-none-eabi-4_7-2013q1/bin/../lib/gcc/arm-none-eabi/4.7.3/../../../../arm-none-eabi/lib/armv7e-m/fpu/libc.a(lib_a-atexit.o)
                              /home/reinder/programs/gcc-arm-embedded/gcc-arm-none-eabi-4_7-2013q1/bin/../lib/gcc/arm-none-eabi/4.7.3/../../../../arm-none-eabi/lib/armv7e-m/fpu/libc.a(lib_a-__call_atexit.o) (atexit)
[...]
Memory Configuration

Name             Origin             Length             Attributes
FLASH            0x08000000         0x00040000         xr
RAM              0x20000000         0x0000a000         xrw
MEMORY_B1        0x60000000         0x00000000         xr
CCMRAM           0x10000000         0x00002000         rw
*default*        0x00000000         0xffffffff

Linker script and memory map

LOAD /home/reinder/programs/gcc-arm-embedded/gcc-arm-none-eabi-4_7-2013q1/bin/../lib/gcc/arm-none-eabi/4.7.3/armv7e-m/fpu/crti.o
LOAD /home/reinder/programs/gcc-arm-embedded/gcc-arm-none-eabi-4_7-2013q1/bin/../lib/gcc/arm-none-eabi/4.7.3/armv7e-m/fpu/crtbegin.o
LOAD /home/reinder/programs/gcc-arm-embedded/gcc-arm-none-eabi-4_7-2013q1/bin/../lib/gcc/arm-none-eabi/4.7.3/../../../../arm-none-eabi/lib/armv7e-m/fpu/crt0.o
LOAD Libraries/STM32F30x_StdPeriph_Driver/src/stm32f30x_adc.o
LOAD Libraries/STM32F30x_StdPeriph_Driver/src/stm32f30x_can.o
LOAD Libraries/STM32F30x_StdPeriph_Driver/src/stm32f30x_comp.o
LOAD Libraries/STM32F30x_StdPeriph_Driver/src/stm32f30x_crc.o
LOAD Libraries/STM32F30x_StdPeriph_Driver/src/stm32f30x_dac.o
LOAD Libraries/STM32F30x_StdPeriph_Driver/src/stm32f30x_dbgmcu.o
LOAD Libraries/STM32F30x_StdPeriph_Driver/src/stm32f30x_dma.o
LOAD Libraries/STM32F30x_StdPeriph_Driver/src/stm32f30x_exti.o
LOAD Libraries/STM32F30x_StdPeriph_Driver/src/stm32f30x_flash.o
LOAD Libraries/STM32F30x_StdPeriph_Driver/src/stm32f30x_gpio.o
LOAD Libraries/STM32F30x_StdPeriph_Driver/src/stm32f30x_i2c.o
LOAD Libraries/STM32F30x_StdPeriph_Driver/src/stm32f30x_iwdg.o
LOAD Libraries/STM32F30x_StdPeriph_Driver/src/stm32f30x_misc.o
LOAD Libraries/STM32F30x_StdPeriph_Driver/src/stm32f30x_opamp.o
LOAD Libraries/STM32F30x_StdPeriph_Driver/src/stm32f30x_pwr.o
LOAD Libraries/STM32F30x_StdPeriph_Driver/src/stm32f30x_rcc.o
LOAD Libraries/STM32F30x_StdPeriph_Driver/src/stm32f30x_rtc.o
LOAD Libraries/STM32F30x_StdPeriph_Driver/src/stm32f30x_spi.o
LOAD Libraries/STM32F30x_StdPeriph_Driver/src/stm32f30x_syscfg.o
LOAD Libraries/STM32F30x_StdPeriph_Driver/src/stm32f30x_tim.o
LOAD Libraries/STM32F30x_StdPeriph_Driver/src/stm32f30x_usart.o
LOAD Libraries/STM32F30x_StdPeriph_Driver/src/stm32f30x_wwdg.o
LOAD src/accmag.o
LOAD src/adc.o
LOAD src/control.o
LOAD src/errno.o
LOAD src/gyro.o
LOAD src/helpers.o
LOAD src/main.o
LOAD src/math_own.o
LOAD src/motor.o
LOAD src/spi.o
LOAD src/stm32f3_discovery.o
LOAD src/stm32f3_discovery_l3gd20.o
LOAD src/stm32f3_discovery_lsm303dlhc.o
LOAD src/system_stm32f30x.o
LOAD src/startup_stm32f30x.o
LOAD /home/reinder/programs/gcc-arm-embedded/gcc-arm-none-eabi-4_7-2013q1/bin/../lib/gcc/arm-none-eabi/4.7.3/../../../../arm-none-eabi/lib/armv7e-m/fpu/libm.a
LOAD /home/reinder/programs/gcc-arm-embedded/gcc-arm-none-eabi-4_7-2013q1/bin/../lib/gcc/arm-none-eabi/4.7.3/../../../../arm-none-eabi/lib/armv7e-m/fpu/libc.a
START GROUP
LOAD /home/reinder/programs/gcc-arm-embedded/gcc-arm-none-eabi-4_7-2013q1/bin/../lib/gcc/arm-none-eabi/4.7.3/armv7e-m/fpu/libgcc.a
LOAD /home/reinder/programs/gcc-arm-embedded/gcc-arm-none-eabi-4_7-2013q1/bin/../lib/gcc/arm-none-eabi/4.7.3/../../../../arm-none-eabi/lib/armv7e-m/fpu/libg.a
LOAD /home/reinder/programs/gcc-arm-embedded/gcc-arm-none-eabi-4_7-2013q1/bin/../lib/gcc/arm-none-eabi/4.7.3/../../../../arm-none-eabi/lib/armv7e-m/fpu/libc.a
END GROUP
LOAD /home/reinder/programs/gcc-arm-embedded/gcc-arm-none-eabi-4_7-2013q1/bin/../lib/gcc/arm-none-eabi/4.7.3/armv7e-m/fpu/crtend.o
LOAD /home/reinder/programs/gcc-arm-embedded/gcc-arm-none-eabi-4_7-2013q1/bin/../lib/gcc/arm-none-eabi/4.7.3/armv7e-m/fpu/crtn.o
                0x2000a000                _estack = 0x2000a000
                0x00000000                _Min_Heap_Size = 0x0
                0x00000200                _Min_Stack_Size = 0x200

.isr_vector     0x08000000      0x188
                0x08000000                . = ALIGN (0x4)
 *(.isr_vector)
 .isr_vector    0x08000000      0x188 src/startup_stm32f30x.o
                0x08000000                g_pfnVectors
                0x08000188                . = ALIGN (0x4)

.text           0x08000188     0x70b0
                0x08000188                . = ALIGN (0x4)
 *(.text)
 .text          0x08000188       0x54 /home/reinder/programs/gcc-arm-embedded/gcc-arm-none-eabi-4_7-2013q1/bin/../lib/gcc/arm-none-eabi/4.7.3/armv7e-m/fpu/crtbegin.o
 .text          0x080001dc      0x370 /home/reinder/programs/gcc-arm-embedded/gcc-arm-none-eabi-4_7-2013q1/bin/../lib/gcc/arm-none-eabi/4.7.3/armv7e-m/fpu/libgcc.a(_arm_addsubdf3.o)
                0x080001dc                __aeabi_drsub
                0x080001e4                __aeabi_dsub
                0x080001e4                __subdf3
                0x080001e8                __adddf3
                0x080001e8                __aeabi_dadd
                0x08000460                __aeabi_ui2d
                0x08000460                __floatunsidf
                0x08000480                __floatsidf
                0x08000480                __aeabi_i2d
                0x080004a4                __extendsfdf2
                0x080004a4                __aeabi_f2d
                0x080004e0                __aeabi_ul2d
                0x080004e0                __floatundidf
                0x080004f0                __floatdidf
                0x080004f0                __aeabi_l2d
 .text          0x0800054c      0x424 /home/reinder/programs/gcc-arm-embedded/gcc-arm-none-eabi-4_7-2013q1/bin/../lib/gcc/arm-none-eabi/4.7.3/armv7e-m/fpu/libgcc.a(_arm_muldivdf3.o)
                0x0800054c                __aeabi_dmul
                0x0800054c                __muldf3
                0x080007a0                __aeabi_ddiv
                0x080007a0                __divdf3
 .text          0x08000970      0x110 /home/reinder/programs/gcc-arm-embedded/gcc-arm-none-eabi-4_7-2013q1/bin/../lib/gcc/arm-none-eabi/4.7.3/armv7e-m/fpu/libgcc.a(_arm_cmpdf2.o)
                0x08000970                __gtdf2
                0x08000970                __gedf2
                0x08000978                __ltdf2
                0x08000978                __ledf2
                0x08000980                __cmpdf2
                0x08000980                __eqdf2
                0x08000980                __nedf2
                0x080009fc                __aeabi_cdrcmple
                0x08000a0c                __aeabi_cdcmple
                0x08000a0c                __aeabi_cdcmpeq
                0x08000a1c                __aeabi_dcmpeq
                0x08000a30                __aeabi_dcmplt
                0x08000a44                __aeabi_dcmple
                0x08000a58                __aeabi_dcmpge
                0x08000a6c                __aeabi_dcmpgt
 .text          0x08000a80       0x40 /home/reinder/programs/gcc-arm-embedded/gcc-arm-none-eabi-4_7-2013q1/bin/../lib/gcc/arm-none-eabi/4.7.3/armv7e-m/fpu/libgcc.a(_arm_fixunsdfsi.o)
                0x08000a80                __fixunsdfsi
                0x08000a80                __aeabi_d2uiz
 .text          0x08000ac0       0xa0 /home/reinder/programs/gcc-arm-embedded/gcc-arm-none-eabi-4_7-2013q1/bin/../lib/gcc/arm-none-eabi/4.7.3/armv7e-m/fpu/libgcc.a(_arm_truncdfsf2.o)
                0x08000ac0                __aeabi_d2f
                0x08000ac0                __truncdfsf2
 *(.text*)
 .text.DMA_DeInit
                0x08000b60      0x220 Libraries/STM32F30x_StdPeriph_Driver/src/stm32f30x_dma.o
                0x08000b60                DMA_DeInit
 .text.DMA_Init
                0x08000d80       0x80 Libraries/STM32F30x_StdPeriph_Driver/src/stm32f30x_dma.o
                0x08000d80                DMA_Init
 .text.DMA_Cmd  0x08000e00       0x38 Libraries/STM32F30x_StdPeriph_Driver/src/stm32f30x_dma.o
                0x08000e00                DMA_Cmd
 .text.DMA_ITConfig
                0x08000e38       0x3c Libraries/STM32F30x_StdPeriph_Driver/src/stm32f30x_dma.o
                0x08000e38                DMA_ITConfig
 .text.EXTI_Init
                0x08000e74      0x288 Libraries/STM32F30x_StdPeriph_Driver/src/stm32f30x_exti.o
                0x08000e74                EXTI_Init
 .text.GPIO_Init
                0x080010fc      0x150 Libraries/STM32F30x_StdPeriph_Driver/src/stm32f30x_gpio.o
                0x080010fc                GPIO_Init
 .text.GPIO_SetBits
                0x0800124c       0x1c Libraries/STM32F30x_StdPeriph_Driver/src/stm32f30x_gpio.o
                0x0800124c                GPIO_SetBits
 .text.GPIO_ResetBits
                0x08001268       0x1c Libraries/STM32F30x_StdPeriph_Driver/src/stm32f30x_gpio.o
                0x08001268                GPIO_ResetBits
 .text.GPIO_PinAFConfig
                0x08001284       0xa8 Libraries/STM32F30x_StdPeriph_Driver/src/stm32f30x_gpio.o
                0x08001284                GPIO_PinAFConfig
 .text.I2C_Init
                0x0800132c       0xd0 Libraries/STM32F30x_StdPeriph_Driver/src/stm32f30x_i2c.o
                0x0800132c                I2C_Init
 .text.I2C_Cmd  0x080013fc       0x38 Libraries/STM32F30x_StdPeriph_Driver/src/stm32f30x_i2c.o
                0x080013fc                I2C_Cmd
 .text.I2C_TransferHandling
                0x08001434       0x60 Libraries/STM32F30x_StdPeriph_Driver/src/stm32f30x_i2c.o
                0x08001434                I2C_TransferHandling
 .text.I2C_SendData
                0x08001494       0x1c Libraries/STM32F30x_StdPeriph_Driver/src/stm32f30x_i2c.o
                0x08001494                I2C_SendData
 .text.I2C_ReceiveData
                0x080014b0       0x1c Libraries/STM32F30x_StdPeriph_Driver/src/stm32f30x_i2c.o
                0x080014b0                I2C_ReceiveData
 .text.I2C_GetFlagStatus
                0x080014cc       0x48 Libraries/STM32F30x_StdPeriph_Driver/src/stm32f30x_i2c.o
                0x080014cc                I2C_GetFlagStatus
 .text.I2C_ClearFlag
                0x08001514       0x1c Libraries/STM32F30x_StdPeriph_Driver/src/stm32f30x_i2c.o
                0x08001514                I2C_ClearFlag
 .text.NVIC_Init
                0x08001530       0xe8 Libraries/STM32F30x_StdPeriph_Driver/src/stm32f30x_misc.o
                0x08001530                NVIC_Init
 .text.RCC_GetClocksFreq
                0x08001618      0x550 Libraries/STM32F30x_StdPeriph_Driver/src/stm32f30x_rcc.o
                0x08001618                RCC_GetClocksFreq
 .text.RCC_AHBPeriphClockCmd
                0x08001b68       0x54 Libraries/STM32F30x_StdPeriph_Driver/src/stm32f30x_rcc.o
                0x08001b68                RCC_AHBPeriphClockCmd
 .text.RCC_APB2PeriphClockCmd
                0x08001bbc       0x54 Libraries/STM32F30x_StdPeriph_Driver/src/stm32f30x_rcc.o
                0x08001bbc                RCC_APB2PeriphClockCmd
 .text.RCC_APB1PeriphClockCmd
                0x08001c10       0x54 Libraries/STM32F30x_StdPeriph_Driver/src/stm32f30x_rcc.o
                0x08001c10                RCC_APB1PeriphClockCmd
 .text.RCC_APB2PeriphResetCmd
                0x08001c64       0x54 Libraries/STM32F30x_StdPeriph_Driver/src/stm32f30x_rcc.o
                0x08001c64                RCC_APB2PeriphResetCmd
 .text.RCC_APB1PeriphResetCmd
                0x08001cb8       0x54 Libraries/STM32F30x_StdPeriph_Driver/src/stm32f30x_rcc.o
                0x08001cb8                RCC_APB1PeriphResetCmd
 .text.SPI_I2S_DeInit
                0x08001d0c       0x88 Libraries/STM32F30x_StdPeriph_Driver/src/stm32f30x_spi.o
                0x08001d0c                SPI_I2S_DeInit
 .text.SPI_StructInit
                0x08001d94       0x5c Libraries/STM32F30x_StdPeriph_Driver/src/stm32f30x_spi.o
                0x08001d94                SPI_StructInit
 .text.SPI_Init
                0x08001df0      0x118 Libraries/STM32F30x_StdPeriph_Driver/src/stm32f30x_spi.o
                0x08001df0                SPI_Init
 .text.SPI_Cmd  0x08001f08       0x40 Libraries/STM32F30x_StdPeriph_Driver/src/stm32f30x_spi.o
                0x08001f08                SPI_Cmd
 .text.SPI_RxFIFOThresholdConfig
                0x08001f48       0x38 Libraries/STM32F30x_StdPeriph_Driver/src/stm32f30x_spi.o
                0x08001f48                SPI_RxFIFOThresholdConfig
 .text.SPI_SendData8
                0x08001f80       0x30 Libraries/STM32F30x_StdPeriph_Driver/src/stm32f30x_spi.o
                0x08001f80                SPI_SendData8
 .text.SPI_ReceiveData8
                0x08001fb0       0x2c Libraries/STM32F30x_StdPeriph_Driver/src/stm32f30x_spi.o
                0x08001fb0                SPI_ReceiveData8
 .text.SPI_I2S_DMACmd
                0x08001fdc       0x48 Libraries/STM32F30x_StdPeriph_Driver/src/stm32f30x_spi.o
                0x08001fdc                SPI_I2S_DMACmd
 .text.SPI_I2S_GetFlagStatus
                0x08002024       0x40 Libraries/STM32F30x_StdPeriph_Driver/src/stm32f30x_spi.o
                0x08002024                SPI_I2S_GetFlagStatus
 .text.SYSCFG_EXTILineConfig
                0x08002064       0xb0 Libraries/STM32F30x_StdPeriph_Driver/src/stm32f30x_syscfg.o
                0x08002064                SYSCFG_EXTILineConfig
 .text.TIM_TimeBaseInit
                0x08002114      0x110 Libraries/STM32F30x_StdPeriph_Driver/src/stm32f30x_tim.o
                0x08002114                TIM_TimeBaseInit
 .text.TIM_TimeBaseStructInit
                0x08002224       0x3c Libraries/STM32F30x_StdPeriph_Driver/src/stm32f30x_tim.o
                0x08002224                TIM_TimeBaseStructInit
 .text.TIM_Cmd  0x08002260       0x40 Libraries/STM32F30x_StdPeriph_Driver/src/stm32f30x_tim.o
                0x08002260                TIM_Cmd
 .text.TIM_OC1Init
                0x080022a0      0x128 Libraries/STM32F30x_StdPeriph_Driver/src/stm32f30x_tim.o
                0x080022a0                TIM_OC1Init
 .text.TIM_OC2Init
                0x080023c8      0x118 Libraries/STM32F30x_StdPeriph_Driver/src/stm32f30x_tim.o
                0x080023c8                TIM_OC2Init
 .text.TIM_OC3Init
                0x080024e0      0x110 Libraries/STM32F30x_StdPeriph_Driver/src/stm32f30x_tim.o
                0x080024e0                TIM_OC3Init
 .text.TIM_OC4Init
                0x080025f0       0xd4 Libraries/STM32F30x_StdPeriph_Driver/src/stm32f30x_tim.o
                0x080025f0                TIM_OC4Init
 .text.TIM_OCStructInit
                0x080026c4       0x54 Libraries/STM32F30x_StdPeriph_Driver/src/stm32f30x_tim.o
                0x080026c4                TIM_OCStructInit
 .text.TIM_SetCompare1
                0x08002718       0x1c Libraries/STM32F30x_StdPeriph_Driver/src/stm32f30x_tim.o
                0x08002718                TIM_SetCompare1
 .text.TIM_SetCompare2
                0x08002734       0x1c Libraries/STM32F30x_StdPeriph_Driver/src/stm32f30x_tim.o
                0x08002734                TIM_SetCompare2
 .text.TIM_SetCompare3
                0x08002750       0x1c Libraries/STM32F30x_StdPeriph_Driver/src/stm32f30x_tim.o
                0x08002750                TIM_SetCompare3
 .text.TIM_SetCompare4
                0x0800276c       0x1c Libraries/STM32F30x_StdPeriph_Driver/src/stm32f30x_tim.o
                0x0800276c                TIM_SetCompare4
 .text.TIM_CtrlPWMOutputs
                0x08002788       0x3c Libraries/STM32F30x_StdPeriph_Driver/src/stm32f30x_tim.o
                0x08002788                TIM_CtrlPWMOutputs
 .text.TIM_ITConfig
                0x080027c4       0x40 Libraries/STM32F30x_StdPeriph_Driver/src/stm32f30x_tim.o
                0x080027c4                TIM_ITConfig
 .text.TIM_GetITStatus
                0x08002804       0x60 Libraries/STM32F30x_StdPeriph_Driver/src/stm32f30x_tim.o
                0x08002804                TIM_GetITStatus
 .text.TIM_ClearITPendingBit
                0x08002864       0x24 Libraries/STM32F30x_StdPeriph_Driver/src/stm32f30x_tim.o
                0x08002864                TIM_ClearITPendingBit
 .text.AccMagConfig
                0x08002888       0x68 src/accmag.o
                0x08002888                AccMagConfig
 .text.AccReadData
                0x080028f0       0xc4 src/accmag.o
                0x080028f0                AccReadData
 .text.MagReadData
                0x080029b4       0xa8 src/accmag.o
                0x080029b4                MagReadData
 .text.insert_acc_value
                0x08002a5c       0x98 src/control.o
                0x08002a5c                insert_acc_value
 .text.insert_mag_value
                0x08002af4       0x98 src/control.o
                0x08002af4                insert_mag_value
 .text.insert_gyro_value
                0x08002b8c       0x98 src/control.o
                0x08002b8c                insert_gyro_value
 .text.insert_angle_target
                0x08002c24       0x4c src/control.o
                0x08002c24                insert_angle_target
 .text.get_current_angle
                0x08002c70       0xa0 src/control.o
                0x08002c70                get_current_angle
 .text.insert_power_target
                0x08002d10       0x20 src/control.o
                0x08002d10                insert_power_target
 .text.nullify_measurements
                0x08002d30      0x140 src/control.o
                0x08002d30                nullify_measurements
 .text.Init_Controller
                0x08002e70       0x68 src/control.o
                0x08002e70                Init_Controller
 .text.avg_measurement
                0x08002ed8       0x54 src/control.o
                0x08002ed8                avg_measurement
 .text.calculate_motor_power
                0x08002f2c      0x1ec src/control.o
                0x08002f2c                calculate_motor_power
 .text.update_motor_settings
                0x08003118      0x530 src/control.o
                0x08003118                update_motor_settings
 .text.kalman_init
                0x08003648       0xbc src/control.o
                0x08003648                kalman_init
 .text.kalman_innovate
                0x08003704      0x578 src/control.o
                0x08003704                kalman_innovate
 .text.do_pid   0x08003c7c       0xf4 src/control.o
                0x08003c7c                do_pid
 .text.Gyro_Config
                0x08003d70       0x4c src/gyro.o
                0x08003d70                Gyro_Config
 .text.Gyro_ReadData
                0x08003dbc      0x260 src/gyro.o
                0x08003dbc                Gyro_ReadData
 .text.NVIC_SetPriority
                0x0800401c       0x5c src/helpers.o
 .text.SysTick_Config
                0x08004078       0x64 src/helpers.o
 .text.Init_Helpers
                0x080040dc       0x80 src/helpers.o
                0x080040dc                Init_Helpers
 .text.SysTick_Handler
                0x0800415c       0x24 src/helpers.o
                0x0800415c                SysTick_Handler
 .text.Delay    0x08004180       0x30 src/helpers.o
                0x08004180                Delay
 .text.TimingDelay_Decrement
                0x080041b0       0x30 src/helpers.o
                0x080041b0                TimingDelay_Decrement
 .text.LedByte  0x080041e0       0xf0 src/helpers.o
                0x080041e0                LedByte
 .text.LedAngle
                0x080042d0       0x98 src/helpers.o
                0x080042d0                LedAngle
 .text.main     0x08004368      0x4e0 src/main.o
                0x08004368                main
 .text.StartupMotors
                0x08004848       0x60 src/motor.o
                0x08004848                StartupMotors
 .text.ServoPortInit
                0x080048a8       0xa4 src/motor.o
                0x080048a8                ServoPortInit
 .text.ServoTimerInit
                0x0800494c      0x114 src/motor.o
                0x0800494c                ServoTimerInit
 .text.TIM2_IRQHandler
                0x08004a60      0x248 src/motor.o
                0x08004a60                TIM2_IRQHandler
 .text.SetMotorSpeeds
                0x08004ca8       0x7c src/motor.o
                0x08004ca8                SetMotorSpeeds
 .text.GetMotorSpeeds
                0x08004d24       0x78 src/motor.o
                0x08004d24                GetMotorSpeeds
 .text.SetDirectMotorSpeeds
                0x08004d9c       0xac src/motor.o
                0x08004d9c                SetDirectMotorSpeeds
 .text.limitServo
                0x08004e48       0x30 src/motor.o
                0x08004e48                limitServo
 .text.raspiComInit
                0x08004e78      0x178 src/spi.o
                0x08004e78                raspiComInit
 .text.startDmaTransfer
                0x08004ff0      0x230 src/spi.o
                0x08004ff0                startDmaTransfer
 .text.checkParity
                0x08005220       0x58 src/spi.o
                0x08005220                checkParity
 .text.endDmaTransfer
                0x08005278      0x280 src/spi.o
                0x08005278                endDmaTransfer
 .text.DMA1_Channel4_IRQHandler
                0x080054f8       0x10 src/spi.o
                0x080054f8                DMA1_Channel4_IRQHandler
 .text.raspiGetMessage
                0x08005508      0x130 src/spi.o
                0x08005508                raspiGetMessage
 .text.raspiSendMessage
                0x08005638      0x198 src/spi.o
                0x08005638                raspiSendMessage
 .text.STM_EVAL_LEDInit
                0x080057d0       0x6c src/stm32f3_discovery.o
                0x080057d0                STM_EVAL_LEDInit
 .text.STM_EVAL_LEDOn
                0x0800583c       0x34 src/stm32f3_discovery.o
                0x0800583c                STM_EVAL_LEDOn
 .text.STM_EVAL_LEDOff
                0x08005870       0x34 src/stm32f3_discovery.o
                0x08005870                STM_EVAL_LEDOff
 .text.L3GD20_Init
                0x080058a4       0x84 src/stm32f3_discovery_l3gd20.o
                0x080058a4                L3GD20_Init
 .text.L3GD20_FilterConfig
                0x08005928       0x54 src/stm32f3_discovery_l3gd20.o
                0x08005928                L3GD20_FilterConfig
 .text.L3GD20_Write
                0x0800597c       0x70 src/stm32f3_discovery_l3gd20.o
                0x0800597c                L3GD20_Write
 .text.L3GD20_Read
                0x080059ec       0x80 src/stm32f3_discovery_l3gd20.o
                0x080059ec                L3GD20_Read
 .text.L3GD20_LowLevel_Init
                0x08005a6c      0x1c4 src/stm32f3_discovery_l3gd20.o
 .text.L3GD20_SendByte
                0x08005c30       0xe0 src/stm32f3_discovery_l3gd20.o
 .text.L3GD20_TIMEOUT_UserCallback
                0x08005d10        0x8 src/stm32f3_discovery_l3gd20.o
                0x08005d10                L3GD20_TIMEOUT_UserCallback
 .text.LSM303DLHC_AccInit
                0x08005d18       0x84 src/stm32f3_discovery_lsm303dlhc.o
                0x08005d18                LSM303DLHC_AccInit
 .text.LSM303DLHC_AccFilterConfig
                0x08005d9c       0x68 src/stm32f3_discovery_lsm303dlhc.o
                0x08005d9c                LSM303DLHC_AccFilterConfig
 .text.LSM303DLHC_AccGetDataStatus
                0x08005e04       0x28 src/stm32f3_discovery_lsm303dlhc.o
                0x08005e04                LSM303DLHC_AccGetDataStatus
 .text.LSM303DLHC_MagInit
                0x08005e2c       0x88 src/stm32f3_discovery_lsm303dlhc.o
                0x08005e2c                LSM303DLHC_MagInit
 .text.LSM303DLHC_MagGetDataStatus
                0x08005eb4       0x28 src/stm32f3_discovery_lsm303dlhc.o
                0x08005eb4                LSM303DLHC_MagGetDataStatus
 .text.LSM303DLHC_Write
                0x08005edc      0x240 src/stm32f3_discovery_lsm303dlhc.o
                0x08005edc                LSM303DLHC_Write
 .text.LSM303DLHC_Read
                0x0800611c      0x26c src/stm32f3_discovery_lsm303dlhc.o
                0x0800611c                LSM303DLHC_Read
 .text.LSM303DLHC_LowLevel_Init
                0x08006388      0x1d0 src/stm32f3_discovery_lsm303dlhc.o
 .text.LSM303DLHC_TIMEOUT_UserCallback
                0x08006558        0x8 src/stm32f3_discovery_lsm303dlhc.o
                0x08006558                LSM303DLHC_TIMEOUT_UserCallback
 .text.SystemInit
                0x08006560       0xfc src/system_stm32f30x.o
                0x08006560                SystemInit
 .text.SetSysClock
                0x0800665c      0x170 src/system_stm32f30x.o
 .text.Reset_Handler
                0x080067cc       0x50 src/startup_stm32f30x.o
                0x080067cc                Reset_Handler
 .text.Default_Handler
                0x0800681c        0x4 src/startup_stm32f30x.o
                0x0800681c                RTC_Alarm_IRQHandler
                0x0800681c                TIM8_TRG_COM_IRQHandler
                0x0800681c                TIM8_CC_IRQHandler
                0x0800681c                DebugMon_Handler
                0x0800681c                TIM1_CC_IRQHandler
                0x0800681c                HardFault_Handler
                0x0800681c                USB_HP_IRQHandler
                0x0800681c                PVD_IRQHandler
                0x0800681c                PendSV_Handler
                0x0800681c                NMI_Handler
                0x0800681c                EXTI3_IRQHandler
                0x0800681c                EXTI0_IRQHandler
                0x0800681c                I2C2_EV_IRQHandler
                0x0800681c                FPU_IRQHandler
                0x0800681c                EXTI2_TS_IRQHandler
                0x0800681c                TIM1_UP_TIM16_IRQHandler
                0x0800681c                UsageFault_Handler
                0x0800681c                ADC1_2_IRQHandler
                0x0800681c                SPI1_IRQHandler
                0x0800681c                TIM6_DAC_IRQHandler
                0x0800681c                TIM8_UP_IRQHandler
                0x0800681c                DMA2_Channel2_IRQHandler
                0x0800681c                USART3_IRQHandler
                0x0800681c                DMA1_Channel7_IRQHandler
                0x0800681c                CAN1_RX1_IRQHandler
                0x0800681c                UART5_IRQHandler
                0x0800681c                ADC3_IRQHandler
                0x0800681c                TIM4_IRQHandler
                0x0800681c                DMA2_Channel1_IRQHandler
                0x0800681c                I2C1_EV_IRQHandler
                0x0800681c                DMA1_Channel6_IRQHandler
                0x0800681c                UART4_IRQHandler
                0x0800681c                DMA2_Channel4_IRQHandler
                0x0800681c                TIM3_IRQHandler
                0x0800681c                RCC_IRQHandler
                0x0800681c                DMA1_Channel1_IRQHandler
                0x0800681c                Default_Handler
                0x0800681c                USBWakeUp_RMP_IRQHandler
                0x0800681c                EXTI15_10_IRQHandler
                0x0800681c                TIM7_IRQHandler
                0x0800681c                EXTI9_5_IRQHandler
                0x0800681c                TAMPER_STAMP_IRQHandler
                0x0800681c                RTC_WKUP_IRQHandler
                0x0800681c                SPI2_IRQHandler
                0x0800681c                MemManage_Handler
                0x0800681c                SVC_Handler
                0x0800681c                DMA2_Channel5_IRQHandler
                0x0800681c                DMA1_Channel5_IRQHandler
                0x0800681c                USB_LP_IRQHandler
                0x0800681c                EXTI4_IRQHandler
                0x0800681c                USB_LP_CAN1_RX0_IRQHandler
                0x0800681c                TIM1_TRG_COM_TIM17_IRQHandler
                0x0800681c                USB_HP_CAN1_TX_IRQHandler
                0x0800681c                DMA1_Channel3_IRQHandler
                0x0800681c                ADC4_IRQHandler
                0x0800681c                WWDG_IRQHandler
                0x0800681c                COMP7_IRQHandler
                0x0800681c                COMP1_2_3_IRQHandler
                0x0800681c                EXTI1_IRQHandler
                0x0800681c                USART2_IRQHandler
                0x0800681c                COMP4_5_6_IRQHandler
                0x0800681c                I2C2_ER_IRQHandler
                0x0800681c                DMA1_Channel2_IRQHandler
                0x0800681c                TIM8_BRK_IRQHandler
                0x0800681c                CAN1_SCE_IRQHandler
                0x0800681c                FLASH_IRQHandler
                0x0800681c                BusFault_Handler
                0x0800681c                USART1_IRQHandler
                0x0800681c                SPI3_IRQHandler
                0x0800681c                I2C1_ER_IRQHandler
                0x0800681c                USBWakeUp_IRQHandler
                0x0800681c                DMA2_Channel3_IRQHandler
                0x0800681c                TIM1_BRK_TIM15_IRQHandler
 .text.round    0x08006820       0xa8 /home/reinder/programs/gcc-arm-embedded/gcc-arm-none-eabi-4_7-2013q1/bin/../lib/gcc/arm-none-eabi/4.7.3/../../../../arm-none-eabi/lib/armv7e-m/fpu/libm.a(lib_a-s_round.o)
                0x08006820                round
 .text.atan2    0x080068c8        0x4 /home/reinder/programs/gcc-arm-embedded/gcc-arm-none-eabi-4_7-2013q1/bin/../lib/gcc/arm-none-eabi/4.7.3/../../../../arm-none-eabi/lib/armv7e-m/fpu/libm.a(lib_a-w_atan2.o)
                0x080068c8                atan2
 *fill*         0x080068cc        0x4 00
 .text.__ieee754_atan2
                0x080068d0      0x218 /home/reinder/programs/gcc-arm-embedded/gcc-arm-none-eabi-4_7-2013q1/bin/../lib/gcc/arm-none-eabi/4.7.3/../../../../arm-none-eabi/lib/armv7e-m/fpu/libm.a(lib_a-e_atan2.o)
                0x080068d0                __ieee754_atan2
 .text.atan     0x08006ae8      0x398 /home/reinder/programs/gcc-arm-embedded/gcc-arm-none-eabi-4_7-2013q1/bin/../lib/gcc/arm-none-eabi/4.7.3/../../../../arm-none-eabi/lib/armv7e-m/fpu/libm.a(lib_a-s_atan.o)
                0x08006ae8                atan
 .text.fabs     0x08006e80       0x14 /home/reinder/programs/gcc-arm-embedded/gcc-arm-none-eabi-4_7-2013q1/bin/../lib/gcc/arm-none-eabi/4.7.3/../../../../arm-none-eabi/lib/armv7e-m/fpu/libm.a(lib_a-s_fabs.o)
                0x08006e80                fabs
 .text.__register_exitproc
                0x08006e94       0xac /home/reinder/programs/gcc-arm-embedded/gcc-arm-none-eabi-4_7-2013q1/bin/../lib/gcc/arm-none-eabi/4.7.3/../../../../arm-none-eabi/lib/armv7e-m/fpu/libc.a(lib_a-__atexit.o)
                0x08006e94                __register_exitproc
 .text.__libc_fini_array
                0x08006f40       0x50 /home/reinder/programs/gcc-arm-embedded/gcc-arm-none-eabi-4_7-2013q1/bin/../lib/gcc/arm-none-eabi/4.7.3/../../../../arm-none-eabi/lib/armv7e-m/fpu/libc.a(lib_a-fini.o)
                0x08006f40                __libc_fini_array
 .text.__libc_init_array
                0x08006f90       0x94 /home/reinder/programs/gcc-arm-embedded/gcc-arm-none-eabi-4_7-2013q1/bin/../lib/gcc/arm-none-eabi/4.7.3/../../../../arm-none-eabi/lib/armv7e-m/fpu/libc.a(lib_a-init.o)
                0x08006f90                __libc_init_array
 .text.memcpy   0x08007024      0x144 /home/reinder/programs/gcc-arm-embedded/gcc-arm-none-eabi-4_7-2013q1/bin/../lib/gcc/arm-none-eabi/4.7.3/../../../../arm-none-eabi/lib/armv7e-m/fpu/libc.a(lib_a-memcpy.o)
                0x08007024                memcpy
 .text.startup.register_fini
                0x08007168       0x14 /home/reinder/programs/gcc-arm-embedded/gcc-arm-none-eabi-4_7-2013q1/bin/../lib/gcc/arm-none-eabi/4.7.3/../../../../arm-none-eabi/lib/armv7e-m/fpu/libc.a(lib_a-__call_atexit.o)
 .text.atexit   0x0800717c        0xc /home/reinder/programs/gcc-arm-embedded/gcc-arm-none-eabi-4_7-2013q1/bin/../lib/gcc/arm-none-eabi/4.7.3/../../../../arm-none-eabi/lib/armv7e-m/fpu/libc.a(lib_a-atexit.o)
                0x0800717c                atexit
 *(.rodata)
 .rodata        0x08007188        0xc src/accmag.o
 .rodata        0x08007194        0xc src/gyro.o
 .rodata        0x080071a0        0x8 src/main.o
 *(.rodata*)
 .rodata.GPIO_PIN
                0x080071a8       0x10 src/stm32f3_discovery.o
                0x080071a8                GPIO_PIN
 .rodata.GPIO_CLK
                0x080071b8       0x20 src/stm32f3_discovery.o
                0x080071b8                GPIO_CLK
 .rodata.atanlo
                0x080071d8       0x20 /home/reinder/programs/gcc-arm-embedded/gcc-arm-none-eabi-4_7-2013q1/bin/../lib/gcc/arm-none-eabi/4.7.3/../../../../arm-none-eabi/lib/armv7e-m/fpu/libm.a(lib_a-s_atan.o)
 .rodata.atanhi
                0x080071f8       0x20 /home/reinder/programs/gcc-arm-embedded/gcc-arm-none-eabi-4_7-2013q1/bin/../lib/gcc/arm-none-eabi/4.7.3/../../../../arm-none-eabi/lib/armv7e-m/fpu/libm.a(lib_a-s_atan.o)
 .rodata.str1.4
                0x08007218        0x4 /home/reinder/programs/gcc-arm-embedded/gcc-arm-none-eabi-4_7-2013q1/bin/../lib/gcc/arm-none-eabi/4.7.3/../../../../arm-none-eabi/lib/armv7e-m/fpu/libc.a(lib_a-impure.o)
 .rodata._global_impure_ptr
                0x0800721c        0x4 /home/reinder/programs/gcc-arm-embedded/gcc-arm-none-eabi-4_7-2013q1/bin/../lib/gcc/arm-none-eabi/4.7.3/../../../../arm-none-eabi/lib/armv7e-m/fpu/libc.a(lib_a-impure.o)
                0x0800721c                _global_impure_ptr
 *(.glue_7)
 .glue_7        0x00000000        0x0 linker stubs
 *(.glue_7t)
 .glue_7t       0x00000000        0x0 linker stubs
 *(.eh_frame)
 .eh_frame      0x08007220        0x0 /home/reinder/programs/gcc-arm-embedded/gcc-arm-none-eabi-4_7-2013q1/bin/../lib/gcc/arm-none-eabi/4.7.3/armv7e-m/fpu/crtbegin.o
 *(.init)
 .init          0x08007220        0x4 /home/reinder/programs/gcc-arm-embedded/gcc-arm-none-eabi-4_7-2013q1/bin/../lib/gcc/arm-none-eabi/4.7.3/armv7e-m/fpu/crti.o
                0x08007220                _init
 .init          0x08007224        0x8 /home/reinder/programs/gcc-arm-embedded/gcc-arm-none-eabi-4_7-2013q1/bin/../lib/gcc/arm-none-eabi/4.7.3/armv7e-m/fpu/crtn.o
 *(.fini)
 .fini          0x0800722c        0x4 /home/reinder/programs/gcc-arm-embedded/gcc-arm-none-eabi-4_7-2013q1/bin/../lib/gcc/arm-none-eabi/4.7.3/armv7e-m/fpu/crti.o
                0x0800722c                _fini
 .fini          0x08007230        0x8 /home/reinder/programs/gcc-arm-embedded/gcc-arm-none-eabi-4_7-2013q1/bin/../lib/gcc/arm-none-eabi/4.7.3/armv7e-m/fpu/crtn.o
                0x08007238                . = ALIGN (0x4)
                0x08007238                _etext = .

.vfp11_veneer   0x08007238        0x0
 .vfp11_veneer  0x00000000        0x0 linker stubs

.v4_bx          0x08007238        0x0
 .v4_bx         0x00000000        0x0 linker stubs

.iplt           0x08007238        0x0
 .iplt          0x00000000        0x0 /home/reinder/programs/gcc-arm-embedded/gcc-arm-none-eabi-4_7-2013q1/bin/../lib/gcc/arm-none-eabi/4.7.3/armv7e-m/fpu/crtbegin.o

.rel.dyn        0x08007238        0x0
 .rel.iplt      0x00000000        0x0 /home/reinder/programs/gcc-arm-embedded/gcc-arm-none-eabi-4_7-2013q1/bin/../lib/gcc/arm-none-eabi/4.7.3/armv7e-m/fpu/crtbegin.o

.ARM.extab
 *(.ARM.extab* .gnu.linkonce.armextab.*)

.ARM            0x08007238        0x0
                0x08007238                __exidx_start = .
 *(.ARM.exidx*)
                0x08007238                __exidx_end = .

.preinit_array  0x08007238        0x0
                0x08007238                PROVIDE (__preinit_array_start, .)
 *(.preinit_array*)
                0x08007238                PROVIDE (__preinit_array_end, .)

.init_array     0x08007238        0x8
                0x08007238                PROVIDE (__init_array_start, .)
 *(SORT(.init_array.*))
 .init_array.00000
                0x08007238        0x4 /home/reinder/programs/gcc-arm-embedded/gcc-arm-none-eabi-4_7-2013q1/bin/../lib/gcc/arm-none-eabi/4.7.3/../../../../arm-none-eabi/lib/armv7e-m/fpu/libc.a(lib_a-__call_atexit.o)
 *(.init_array*)
 .init_array    0x0800723c        0x4 /home/reinder/programs/gcc-arm-embedded/gcc-arm-none-eabi-4_7-2013q1/bin/../lib/gcc/arm-none-eabi/4.7.3/armv7e-m/fpu/crtbegin.o
                0x08007240                PROVIDE (__init_array_end, .)

.fini_array     0x08007240        0x4
                0x08007240                PROVIDE (__fini_array_start, .)
 *(SORT(.fini_array.*))
 *(.fini_array*)
 .fini_array    0x08007240        0x4 /home/reinder/programs/gcc-arm-embedded/gcc-arm-none-eabi-4_7-2013q1/bin/../lib/gcc/arm-none-eabi/4.7.3/armv7e-m/fpu/crtbegin.o
                0x08007244                PROVIDE (__fini_array_end, .)
                0x08007244                _sidata = LOADADDR (.data)

.data           0x20000000      0x4f8 load address 0x08007244
                0x20000000                . = ALIGN (0x4)
                0x20000000                _sdata = .
 *(.data)
 *(.data*)
 .data.APBAHBPrescTable
                0x20000000       0x10 Libraries/STM32F30x_StdPeriph_Driver/src/stm32f30x_rcc.o
 .data.ADCPrescTable
                0x20000010       0x1c Libraries/STM32F30x_StdPeriph_Driver/src/stm32f30x_rcc.o
 .data.PID_pitch
                0x2000002c       0x20 src/control.o
                0x2000002c                PID_pitch
 .data.PID_roll
                0x2000004c       0x20 src/control.o
                0x2000004c                PID_roll
 .data.current_motor_speeds
                0x2000006c        0x8 src/motor.o
                0x2000006c                current_motor_speeds
 .data.target_motor_speeds
                0x20000074        0x8 src/motor.o
                0x20000074                target_motor_speeds
 .data.emptyMessage
                0x2000007c       0x14 src/spi.o
                0x2000007c                emptyMessage
 .data.reinitMessage
                0x20000090       0x14 src/spi.o
                0x20000090                reinitMessage
 .data.GPIO_PORT
                0x200000a4       0x20 src/stm32f3_discovery.o
                0x200000a4                GPIO_PORT
 .data.L3GD20Timeout
                0x200000c4        0x4 src/stm32f3_discovery_l3gd20.o
                0x200000c4                L3GD20Timeout
 .data.LSM303DLHC_Timeout
                0x200000c8        0x4 src/stm32f3_discovery_lsm303dlhc.o
                0x200000c8                LSM303DLHC_Timeout
 *fill*         0x200000cc        0x4 00
 .data.impure_data
                0x200000d0      0x428 /home/reinder/programs/gcc-arm-embedded/gcc-arm-none-eabi-4_7-2013q1/bin/../lib/gcc/arm-none-eabi/4.7.3/../../../../arm-none-eabi/lib/armv7e-m/fpu/libc.a(lib_a-impure.o)
                0x200004f8                . = ALIGN (0x4)
                0x200004f8                _edata = .
                0x0800773c                _siccmram = LOADADDR (.ccmram)

.jcr            0x200004f8        0x0 load address 0x0800773c
 .jcr           0x200004f8        0x0 /home/reinder/programs/gcc-arm-embedded/gcc-arm-none-eabi-4_7-2013q1/bin/../lib/gcc/arm-none-eabi/4.7.3/armv7e-m/fpu/crtbegin.o

.igot.plt       0x200004f8        0x0 load address 0x0800773c
 .igot.plt      0x00000000        0x0 /home/reinder/programs/gcc-arm-embedded/gcc-arm-none-eabi-4_7-2013q1/bin/../lib/gcc/arm-none-eabi/4.7.3/armv7e-m/fpu/crtbegin.o

.ccmram         0x10000000        0x0 load address 0x0800773c
                0x10000000                . = ALIGN (0x4)
                0x10000000                _sccmram = .
 *(.ccmram)
 *(.ccmram*)
                0x10000000                . = ALIGN (0x4)
                0x10000000                _eccmram = .
                0x10000000                . = ALIGN (0x4)

.bss            0x200004f8      0x3d0
                0x200004f8                _sbss = .
                0x200004f8                __bss_start__ = _sbss
 *(.bss)
 .bss           0x200004f8       0x1c /home/reinder/programs/gcc-arm-embedded/gcc-arm-none-eabi-4_7-2013q1/bin/../lib/gcc/arm-none-eabi/4.7.3/armv7e-m/fpu/crtbegin.o
 *(.bss*)
 .bss.acc_n     0x20000514        0x4 src/control.o
                0x20000514                acc_n
 .bss.mag_n     0x20000518        0x4 src/control.o
                0x20000518                mag_n
 .bss.gyro_n    0x2000051c        0x4 src/control.o
                0x2000051c                gyro_n
 .bss.kalman_initialized
                0x20000520        0x1 src/control.o
                0x20000520                kalman_initialized
 *fill*         0x20000521        0x3 00
 .bss.angle_target
                0x20000524       0x10 src/control.o
                0x20000524                angle_target
 .bss.power_target
                0x20000534        0x4 src/control.o
                0x20000534                power_target
 .bss.static_offset
                0x20000538        0xc src/gyro.o
                0x20000538                static_offset
 .bss.TimingDelay
                0x20000544        0x4 src/helpers.o
                0x20000544                TimingDelay
 .bss.raspi_tx_writep
                0x20000548        0x1 src/spi.o
                0x20000548                raspi_tx_writep
 .bss.raspi_tx_readp
                0x20000549        0x1 src/spi.o
                0x20000549                raspi_tx_readp
 .bss.raspi_rx_writep
                0x2000054a        0x1 src/spi.o
                0x2000054a                raspi_rx_writep
 .bss.raspi_rx_readp
                0x2000054b        0x1 src/spi.o
                0x2000054b                raspi_rx_readp
 .bss.raspi_rx_used_buffer
                0x2000054c        0x1 src/spi.o
                0x2000054c                raspi_rx_used_buffer
 .bss.raspi_tx_used_buffer
                0x2000054d        0x1 src/spi.o
                0x2000054d                raspi_tx_used_buffer
 .bss.raspi_reinitializing
                0x2000054e        0x1 src/spi.o
                0x2000054e                raspi_reinitializing
 .bss.raspi_initialized
                0x2000054f        0x1 src/spi.o
                0x2000054f                raspi_initialized
 *(COMMON)
 COMMON         0x20000550        0x4 src/accmag.o
                0x20000550                time_since_startup
 COMMON         0x20000554       0xbc src/control.o
                0x20000554                acc_zk
                0x20000564                mag_zk
                0x20000574                kal_roll
                0x200005b8                time_last_control_update
                0x200005bc                kal_pitch
                0x20000600                gyro_zk
 COMMON         0x20000610       0x3c src/helpers.o
                0x20000610                RCC_Clocks
 COMMON         0x2000064c        0x2 src/main.o
                0x2000064c                raspi_rx_num_messages
                0x2000064d                raspi_tx_num_messages
 *fill*         0x2000064e        0x2 00
 COMMON         0x20000650        0x4 src/motor.o
                0x20000650                NVIC_InitStructure
 COMMON         0x20000654      0x274 src/spi.o
                0x20000654                raspi_rx_dummy_buffer
                0x20000668                raspi_tx_buffer
                0x20000798                raspi_rx_buffer
                0x200008c8                . = ALIGN (0x4)
                0x200008c8                _ebss = .
                0x200008c8                __bss_end__ = _ebss

._user_heap_stack
                0x200008c8      0x200
                0x200008c8                . = ALIGN (0x4)
                0x200008c8                PROVIDE (end, .)
                0x200008c8                PROVIDE (_end, .)
                0x200008c8                . = (. + _Min_Heap_Size)
                0x20000ac8                . = (. + _Min_Stack_Size)
 *fill*         0x200008c8      0x200 00
                0x20000ac8                . = ALIGN (0x4)

.memory_b1_text
 *(.mb1text)
 *(.mb1text*)
 *(.mb1rodata)
 *(.mb1rodata*)

/DISCARD/
 libc.a(*)
 libm.a(*)
 libgcc.a(*)

.ARM.attributes
                0x00000000       0x32
 *(.ARM.attributes)
 .ARM.attributes
                0x00000000       0x24 /home/reinder/programs/gcc-arm-embedded/gcc-arm-none-eabi-4_7-2013q1/bin/../lib/gcc/arm-none-eabi/4.7.3/armv7e-m/fpu/crti.o
 .ARM.attributes
                0x00000024       0x36 /home/reinder/programs/gcc-arm-embedded/gcc-arm-none-eabi-4_7-2013q1/bin/../lib/gcc/arm-none-eabi/4.7.3/armv7e-m/fpu/crtbegin.o
 .ARM.attributes
                0x0000005a       0x3b Libraries/STM32F30x_StdPeriph_Driver/src/stm32f30x_dma.o
 .ARM.attributes
                0x00000095       0x3b Libraries/STM32F30x_StdPeriph_Driver/src/stm32f30x_exti.o
 .ARM.attributes
                0x000000d0       0x3b Libraries/STM32F30x_StdPeriph_Driver/src/stm32f30x_gpio.o
 .ARM.attributes
                0x0000010b       0x3b Libraries/STM32F30x_StdPeriph_Driver/src/stm32f30x_i2c.o
 .ARM.attributes
                0x00000146       0x3b Libraries/STM32F30x_StdPeriph_Driver/src/stm32f30x_misc.o
 .ARM.attributes
                0x00000181       0x3b Libraries/STM32F30x_StdPeriph_Driver/src/stm32f30x_rcc.o
 .ARM.attributes
                0x000001bc       0x3b Libraries/STM32F30x_StdPeriph_Driver/src/stm32f30x_spi.o
 .ARM.attributes
                0x000001f7       0x3b Libraries/STM32F30x_StdPeriph_Driver/src/stm32f30x_syscfg.o
 .ARM.attributes
                0x00000232       0x3b Libraries/STM32F30x_StdPeriph_Driver/src/stm32f30x_tim.o
 .ARM.attributes
                0x0000026d       0x3b src/accmag.o
 .ARM.attributes
                0x000002a8       0x3b src/control.o
 .ARM.attributes
                0x000002e3       0x3b src/gyro.o
 .ARM.attributes
                0x0000031e       0x3b src/helpers.o
 .ARM.attributes
                0x00000359       0x3b src/main.o
 .ARM.attributes
                0x00000394       0x3b src/motor.o
 .ARM.attributes
                0x000003cf       0x3b src/spi.o
 .ARM.attributes
                0x0000040a       0x3b src/stm32f3_discovery.o
 .ARM.attributes
                0x00000445       0x3b src/stm32f3_discovery_l3gd20.o
 .ARM.attributes
                0x00000480       0x3b src/stm32f3_discovery_lsm303dlhc.o
 .ARM.attributes
                0x000004bb       0x3b src/system_stm32f30x.o
 .ARM.attributes
                0x000004f6       0x21 src/startup_stm32f30x.o
 .ARM.attributes
                0x00000517       0x36 /home/reinder/programs/gcc-arm-embedded/gcc-arm-none-eabi-4_7-2013q1/bin/../lib/gcc/arm-none-eabi/4.7.3/../../../../arm-none-eabi/lib/armv7e-m/fpu/libm.a(lib_a-s_round.o)
 .ARM.attributes
                0x0000054d       0x36 /home/reinder/programs/gcc-arm-embedded/gcc-arm-none-eabi-4_7-2013q1/bin/../lib/gcc/arm-none-eabi/4.7.3/../../../../arm-none-eabi/lib/armv7e-m/fpu/libm.a(lib_a-w_atan2.o)
 .ARM.attributes
                0x00000583       0x36 /home/reinder/programs/gcc-arm-embedded/gcc-arm-none-eabi-4_7-2013q1/bin/../lib/gcc/arm-none-eabi/4.7.3/../../../../arm-none-eabi/lib/armv7e-m/fpu/libm.a(lib_a-e_atan2.o)
 .ARM.attributes
                0x000005b9       0x36 /home/reinder/programs/gcc-arm-embedded/gcc-arm-none-eabi-4_7-2013q1/bin/../lib/gcc/arm-none-eabi/4.7.3/../../../../arm-none-eabi/lib/armv7e-m/fpu/libm.a(lib_a-s_atan.o)
 .ARM.attributes
                0x000005ef       0x36 /home/reinder/programs/gcc-arm-embedded/gcc-arm-none-eabi-4_7-2013q1/bin/../lib/gcc/arm-none-eabi/4.7.3/../../../../arm-none-eabi/lib/armv7e-m/fpu/libm.a(lib_a-s_fabs.o)
 .ARM.attributes
                0x00000625       0x36 /home/reinder/programs/gcc-arm-embedded/gcc-arm-none-eabi-4_7-2013q1/bin/../lib/gcc/arm-none-eabi/4.7.3/../../../../arm-none-eabi/lib/armv7e-m/fpu/libc.a(lib_a-__atexit.o)
 .ARM.attributes
                0x0000065b       0x36 /home/reinder/programs/gcc-arm-embedded/gcc-arm-none-eabi-4_7-2013q1/bin/../lib/gcc/arm-none-eabi/4.7.3/../../../../arm-none-eabi/lib/armv7e-m/fpu/libc.a(lib_a-fini.o)
 .ARM.attributes
                0x00000691       0x36 /home/reinder/programs/gcc-arm-embedded/gcc-arm-none-eabi-4_7-2013q1/bin/../lib/gcc/arm-none-eabi/4.7.3/../../../../arm-none-eabi/lib/armv7e-m/fpu/libc.a(lib_a-impure.o)
 .ARM.attributes
                0x000006c7       0x36 /home/reinder/programs/gcc-arm-embedded/gcc-arm-none-eabi-4_7-2013q1/bin/../lib/gcc/arm-none-eabi/4.7.3/../../../../arm-none-eabi/lib/armv7e-m/fpu/libc.a(lib_a-init.o)
 .ARM.attributes
                0x000006fd       0x36 /home/reinder/programs/gcc-arm-embedded/gcc-arm-none-eabi-4_7-2013q1/bin/../lib/gcc/arm-none-eabi/4.7.3/../../../../arm-none-eabi/lib/armv7e-m/fpu/libc.a(lib_a-memcpy.o)
 .ARM.attributes
                0x00000733       0x36 /home/reinder/programs/gcc-arm-embedded/gcc-arm-none-eabi-4_7-2013q1/bin/../lib/gcc/arm-none-eabi/4.7.3/../../../../arm-none-eabi/lib/armv7e-m/fpu/libc.a(lib_a-__call_atexit.o)
 .ARM.attributes
                0x00000769       0x36 /home/reinder/programs/gcc-arm-embedded/gcc-arm-none-eabi-4_7-2013q1/bin/../lib/gcc/arm-none-eabi/4.7.3/../../../../arm-none-eabi/lib/armv7e-m/fpu/libc.a(lib_a-atexit.o)
 .ARM.attributes
                0x0000079f       0x24 /home/reinder/programs/gcc-arm-embedded/gcc-arm-none-eabi-4_7-2013q1/bin/../lib/gcc/arm-none-eabi/4.7.3/armv7e-m/fpu/libgcc.a(_arm_addsubdf3.o)
 .ARM.attributes
                0x000007c3       0x24 /home/reinder/programs/gcc-arm-embedded/gcc-arm-none-eabi-4_7-2013q1/bin/../lib/gcc/arm-none-eabi/4.7.3/armv7e-m/fpu/libgcc.a(_arm_muldivdf3.o)
 .ARM.attributes
                0x000007e7       0x24 /home/reinder/programs/gcc-arm-embedded/gcc-arm-none-eabi-4_7-2013q1/bin/../lib/gcc/arm-none-eabi/4.7.3/armv7e-m/fpu/libgcc.a(_arm_cmpdf2.o)
 .ARM.attributes
                0x0000080b       0x24 /home/reinder/programs/gcc-arm-embedded/gcc-arm-none-eabi-4_7-2013q1/bin/../lib/gcc/arm-none-eabi/4.7.3/armv7e-m/fpu/libgcc.a(_arm_fixunsdfsi.o)
 .ARM.attributes
                0x0000082f       0x24 /home/reinder/programs/gcc-arm-embedded/gcc-arm-none-eabi-4_7-2013q1/bin/../lib/gcc/arm-none-eabi/4.7.3/armv7e-m/fpu/libgcc.a(_arm_truncdfsf2.o)
 .ARM.attributes
                0x00000853       0x24 /home/reinder/programs/gcc-arm-embedded/gcc-arm-none-eabi-4_7-2013q1/bin/../lib/gcc/arm-none-eabi/4.7.3/armv7e-m/fpu/crtn.o
OUTPUT(stm32f3.elf elf32-littlearm)

.debug_info     0x00000000     0xb1f3
 .debug_info    0x00000000      0x4b5 Libraries/STM32F30x_StdPeriph_Driver/src/stm32f30x_dma.o
 .debug_info    0x000004b5      0x3f4 Libraries/STM32F30x_StdPeriph_Driver/src/stm32f30x_exti.o
 .debug_info    0x000008a9      0x63f Libraries/STM32F30x_StdPeriph_Driver/src/stm32f30x_gpio.o
 .debug_info    0x00000ee8      0xcb2 Libraries/STM32F30x_StdPeriph_Driver/src/stm32f30x_i2c.o
 .debug_info    0x00001b9a      0x596 Libraries/STM32F30x_StdPeriph_Driver/src/stm32f30x_misc.o
 .debug_info    0x00002130      0xb85 Libraries/STM32F30x_StdPeriph_Driver/src/stm32f30x_rcc.o
 .debug_info    0x00002cb5      0xc50 Libraries/STM32F30x_StdPeriph_Driver/src/stm32f30x_spi.o
 .debug_info    0x00003905      0x3fd Libraries/STM32F30x_StdPeriph_Driver/src/stm32f30x_syscfg.o
 .debug_info    0x00003d02     0x2404 Libraries/STM32F30x_StdPeriph_Driver/src/stm32f30x_tim.o
 .debug_info    0x00006106      0x368 src/accmag.o
 .debug_info    0x0000646e      0x92f src/control.o
 .debug_info    0x00006d9d      0x305 src/gyro.o
 .debug_info    0x000070a2      0x970 src/helpers.o
 .debug_info    0x00007a12      0x2e7 src/main.o
 .debug_info    0x00007cf9      0x99e src/motor.o
 .debug_info    0x00008697      0xaeb src/spi.o
 .debug_info    0x00009182      0x88f src/stm32f3_discovery.o
 .debug_info    0x00009a11      0x86f src/stm32f3_discovery_l3gd20.o
 .debug_info    0x0000a280      0xa3e src/stm32f3_discovery_lsm303dlhc.o
 .debug_info    0x0000acbe      0x4dd src/system_stm32f30x.o
 .debug_info    0x0000b19b       0x58 src/startup_stm32f30x.o

.debug_abbrev   0x00000000     0x1eab
 .debug_abbrev  0x00000000      0x159 Libraries/STM32F30x_StdPeriph_Driver/src/stm32f30x_dma.o
 .debug_abbrev  0x00000159      0x17e Libraries/STM32F30x_StdPeriph_Driver/src/stm32f30x_exti.o
 .debug_abbrev  0x000002d7      0x198 Libraries/STM32F30x_StdPeriph_Driver/src/stm32f30x_gpio.o
 .debug_abbrev  0x0000046f      0x182 Libraries/STM32F30x_StdPeriph_Driver/src/stm32f30x_i2c.o
 .debug_abbrev  0x000005f1      0x12b Libraries/STM32F30x_StdPeriph_Driver/src/stm32f30x_misc.o
 .debug_abbrev  0x0000071c      0x1e7 Libraries/STM32F30x_StdPeriph_Driver/src/stm32f30x_rcc.o
 .debug_abbrev  0x00000903      0x18d Libraries/STM32F30x_StdPeriph_Driver/src/stm32f30x_spi.o
 .debug_abbrev  0x00000a90      0x185 Libraries/STM32F30x_StdPeriph_Driver/src/stm32f30x_syscfg.o
 .debug_abbrev  0x00000c15      0x18b Libraries/STM32F30x_StdPeriph_Driver/src/stm32f30x_tim.o
 .debug_abbrev  0x00000da0       0xfa src/accmag.o
 .debug_abbrev  0x00000e9a      0x1e9 src/control.o
 .debug_abbrev  0x00001083      0x10b src/gyro.o
 .debug_abbrev  0x0000118e      0x224 src/helpers.o
 .debug_abbrev  0x000013b2       0xd7 src/main.o
 .debug_abbrev  0x00001489      0x1c8 src/motor.o
 .debug_abbrev  0x00001651      0x1e8 src/spi.o
 .debug_abbrev  0x00001839      0x187 src/stm32f3_discovery.o
 .debug_abbrev  0x000019c0      0x1d5 src/stm32f3_discovery_l3gd20.o
 .debug_abbrev  0x00001b95      0x1bb src/stm32f3_discovery_lsm303dlhc.o
 .debug_abbrev  0x00001d50      0x149 src/system_stm32f30x.o
 .debug_abbrev  0x00001e99       0x12 src/startup_stm32f30x.o

.debug_loc      0x00000000     0x4f58
 .debug_loc     0x00000000      0x268 Libraries/STM32F30x_StdPeriph_Driver/src/stm32f30x_dma.o
 .debug_loc     0x00000268      0x1b4 Libraries/STM32F30x_StdPeriph_Driver/src/stm32f30x_exti.o
 .debug_loc     0x0000041c      0x2d8 Libraries/STM32F30x_StdPeriph_Driver/src/stm32f30x_gpio.o
 .debug_loc     0x000006f4      0x930 Libraries/STM32F30x_StdPeriph_Driver/src/stm32f30x_i2c.o
 .debug_loc     0x00001024      0x118 Libraries/STM32F30x_StdPeriph_Driver/src/stm32f30x_misc.o
 .debug_loc     0x0000113c      0x864 Libraries/STM32F30x_StdPeriph_Driver/src/stm32f30x_rcc.o
 .debug_loc     0x000019a0      0x702 Libraries/STM32F30x_StdPeriph_Driver/src/stm32f30x_spi.o
 .debug_loc     0x000020a2      0x2f8 Libraries/STM32F30x_StdPeriph_Driver/src/stm32f30x_syscfg.o
 .debug_loc     0x0000239a     0x18f0 Libraries/STM32F30x_StdPeriph_Driver/src/stm32f30x_tim.o
 .debug_loc     0x00003c8a       0xe0 src/accmag.o
 .debug_loc     0x00003d6a      0x360 src/control.o
 .debug_loc     0x000040ca       0x70 src/gyro.o
 .debug_loc     0x0000413a      0x25c src/helpers.o
 .debug_loc     0x00004396       0x3a src/main.o
 .debug_loc     0x000043d0      0x1b4 src/motor.o
 .debug_loc     0x00004584      0x170 src/spi.o
 .debug_loc     0x000046f4      0x150 src/stm32f3_discovery.o
 .debug_loc     0x00004844      0x2cc src/stm32f3_discovery_l3gd20.o
 .debug_loc     0x00004b10      0x3ac src/stm32f3_discovery_lsm303dlhc.o
 .debug_loc     0x00004ebc       0x9c src/system_stm32f30x.o

.debug_aranges  0x00000000      0xd78
 .debug_aranges
                0x00000000       0x70 Libraries/STM32F30x_StdPeriph_Driver/src/stm32f30x_dma.o
 .debug_aranges
                0x00000070       0x58 Libraries/STM32F30x_StdPeriph_Driver/src/stm32f30x_exti.o
 .debug_aranges
                0x000000c8       0x80 Libraries/STM32F30x_StdPeriph_Driver/src/stm32f30x_gpio.o
 .debug_aranges
                0x00000148      0x168 Libraries/STM32F30x_StdPeriph_Driver/src/stm32f30x_i2c.o
 .debug_aranges
                0x000002b0       0x40 Libraries/STM32F30x_StdPeriph_Driver/src/stm32f30x_misc.o
 .debug_aranges
                0x000002f0      0x150 Libraries/STM32F30x_StdPeriph_Driver/src/stm32f30x_rcc.o
 .debug_aranges
                0x00000440      0x118 Libraries/STM32F30x_StdPeriph_Driver/src/stm32f30x_spi.o
 .debug_aranges
                0x00000558       0x88 Libraries/STM32F30x_StdPeriph_Driver/src/stm32f30x_syscfg.o
 .debug_aranges
                0x000005e0      0x3a8 Libraries/STM32F30x_StdPeriph_Driver/src/stm32f30x_tim.o
 .debug_aranges
                0x00000988       0x38 src/accmag.o
 .debug_aranges
                0x000009c0       0x98 src/control.o
 .debug_aranges
                0x00000a58       0x28 src/gyro.o
 .debug_aranges
                0x00000a80       0x70 src/helpers.o
 .debug_aranges
                0x00000af0       0x20 src/main.o
 .debug_aranges
                0x00000b10       0x58 src/motor.o
 .debug_aranges
                0x00000b68       0x50 src/spi.o
 .debug_aranges
                0x00000bb8       0x48 src/stm32f3_discovery.o
 .debug_aranges
                0x00000c00       0x80 src/stm32f3_discovery_l3gd20.o
 .debug_aranges
                0x00000c80       0xa0 src/stm32f3_discovery_lsm303dlhc.o
 .debug_aranges
                0x00000d20       0x30 src/system_stm32f30x.o
 .debug_aranges
                0x00000d50       0x28 src/startup_stm32f30x.o

.debug_ranges   0x00000000      0xc30
 .debug_ranges  0x00000000       0x60 Libraries/STM32F30x_StdPeriph_Driver/src/stm32f30x_dma.o
 .debug_ranges  0x00000060       0x48 Libraries/STM32F30x_StdPeriph_Driver/src/stm32f30x_exti.o
 .debug_ranges  0x000000a8       0x70 Libraries/STM32F30x_StdPeriph_Driver/src/stm32f30x_gpio.o
 .debug_ranges  0x00000118      0x158 Libraries/STM32F30x_StdPeriph_Driver/src/stm32f30x_i2c.o
 .debug_ranges  0x00000270       0x30 Libraries/STM32F30x_StdPeriph_Driver/src/stm32f30x_misc.o
 .debug_ranges  0x000002a0      0x140 Libraries/STM32F30x_StdPeriph_Driver/src/stm32f30x_rcc.o
 .debug_ranges  0x000003e0      0x108 Libraries/STM32F30x_StdPeriph_Driver/src/stm32f30x_spi.o
 .debug_ranges  0x000004e8       0x78 Libraries/STM32F30x_StdPeriph_Driver/src/stm32f30x_syscfg.o
 .debug_ranges  0x00000560      0x398 Libraries/STM32F30x_StdPeriph_Driver/src/stm32f30x_tim.o
 .debug_ranges  0x000008f8       0x28 src/accmag.o
 .debug_ranges  0x00000920       0x88 src/control.o
 .debug_ranges  0x000009a8       0x18 src/gyro.o
 .debug_ranges  0x000009c0       0x60 src/helpers.o
 .debug_ranges  0x00000a20       0x10 src/main.o
 .debug_ranges  0x00000a30       0x48 src/motor.o
 .debug_ranges  0x00000a78       0x40 src/spi.o
 .debug_ranges  0x00000ab8       0x38 src/stm32f3_discovery.o
 .debug_ranges  0x00000af0       0x70 src/stm32f3_discovery_l3gd20.o
 .debug_ranges  0x00000b60       0x90 src/stm32f3_discovery_lsm303dlhc.o
 .debug_ranges  0x00000bf0       0x20 src/system_stm32f30x.o
 .debug_ranges  0x00000c10       0x20 src/startup_stm32f30x.o

.debug_line     0x00000000     0x4279
 .debug_line    0x00000000      0x2a5 Libraries/STM32F30x_StdPeriph_Driver/src/stm32f30x_dma.o
 .debug_line    0x000002a5      0x25f Libraries/STM32F30x_StdPeriph_Driver/src/stm32f30x_exti.o
 .debug_line    0x00000504      0x2c6 Libraries/STM32F30x_StdPeriph_Driver/src/stm32f30x_gpio.o
 .debug_line    0x000007ca      0x510 Libraries/STM32F30x_StdPeriph_Driver/src/stm32f30x_i2c.o
 .debug_line    0x00000cda      0x1fa Libraries/STM32F30x_StdPeriph_Driver/src/stm32f30x_misc.o
 .debug_line    0x00000ed4      0x532 Libraries/STM32F30x_StdPeriph_Driver/src/stm32f30x_rcc.o
 .debug_line    0x00001406      0x49a Libraries/STM32F30x_StdPeriph_Driver/src/stm32f30x_spi.o
 .debug_line    0x000018a0      0x26d Libraries/STM32F30x_StdPeriph_Driver/src/stm32f30x_syscfg.o
 .debug_line    0x00001b0d      0xbf5 Libraries/STM32F30x_StdPeriph_Driver/src/stm32f30x_tim.o
 .debug_line    0x00002702      0x179 src/accmag.o
 .debug_line    0x0000287b      0x31a src/control.o
 .debug_line    0x00002b95      0x18b src/gyro.o
 .debug_line    0x00002d20      0x2ba src/helpers.o
 .debug_line    0x00002fda      0x17f src/main.o
 .debug_line    0x00003159      0x29b src/motor.o
 .debug_line    0x000033f4      0x2ee src/spi.o
 .debug_line    0x000036e2      0x230 src/stm32f3_discovery.o
 .debug_line    0x00003912      0x325 src/stm32f3_discovery_l3gd20.o
 .debug_line    0x00003c37      0x41c src/stm32f3_discovery_lsm303dlhc.o
 .debug_line    0x00004053      0x1b2 src/system_stm32f30x.o
 .debug_line    0x00004205       0x74 src/startup_stm32f30x.o

.debug_str      0x00000000     0x3e74
 .debug_str     0x00000000      0x32a Libraries/STM32F30x_StdPeriph_Driver/src/stm32f30x_dma.o
                                0x380 (size before relaxing)
 .debug_str     0x0000032a      0x1fb Libraries/STM32F30x_StdPeriph_Driver/src/stm32f30x_exti.o
                                0x34e (size before relaxing)
 .debug_str     0x00000525      0x305 Libraries/STM32F30x_StdPeriph_Driver/src/stm32f30x_gpio.o
                                0x451 (size before relaxing)
 .debug_str     0x0000082a      0x470 Libraries/STM32F30x_StdPeriph_Driver/src/stm32f30x_i2c.o
                                0x606 (size before relaxing)
 .debug_str     0x00000c9a      0x234 Libraries/STM32F30x_StdPeriph_Driver/src/stm32f30x_misc.o
                                0x392 (size before relaxing)
 .debug_str     0x00000ece      0x613 Libraries/STM32F30x_StdPeriph_Driver/src/stm32f30x_rcc.o
                                0x7ad (size before relaxing)
 .debug_str     0x000014e1      0x491 Libraries/STM32F30x_StdPeriph_Driver/src/stm32f30x_spi.o
                                0x780 (size before relaxing)
 .debug_str     0x00001972      0x263 Libraries/STM32F30x_StdPeriph_Driver/src/stm32f30x_syscfg.o
                                0x3c4 (size before relaxing)
 .debug_str     0x00001bd5      0xd54 Libraries/STM32F30x_StdPeriph_Driver/src/stm32f30x_tim.o
                                0xf30 (size before relaxing)
 .debug_str     0x00002929      0x21a src/accmag.o
                                0x35b (size before relaxing)
 .debug_str     0x00002b43      0x28b src/control.o
                                0x429 (size before relaxing)
 .debug_str     0x00002dce       0xc7 src/gyro.o
                                0x2c4 (size before relaxing)
 .debug_str     0x00002e95      0x4fa src/helpers.o
                                0x86f (size before relaxing)
 .debug_str     0x0000338f      0x14b src/main.o
                                0x2a6 (size before relaxing)
 .debug_str     0x000034da      0x120 src/motor.o
                                0xa41 (size before relaxing)
 .debug_str     0x000035fa      0x1a0 src/spi.o
                                0xb66 (size before relaxing)
 .debug_str     0x0000379a      0x181 src/stm32f3_discovery.o
                                0xa0f (size before relaxing)
 .debug_str     0x0000391b      0x243 src/stm32f3_discovery_l3gd20.o
                                0x6cf (size before relaxing)
 .debug_str     0x00003b5e      0x29e src/stm32f3_discovery_lsm303dlhc.o
                                0x8bf (size before relaxing)
 .debug_str     0x00003dfc       0x78 src/system_stm32f30x.o
                                0x29c (size before relaxing)

.comment        0x00000000       0x70
 .comment       0x00000000       0x70 Libraries/STM32F30x_StdPeriph_Driver/src/stm32f30x_dma.o
                                 0x71 (size before relaxing)
 .comment       0x00000000       0x71 Libraries/STM32F30x_StdPeriph_Driver/src/stm32f30x_exti.o
 .comment       0x00000000       0x71 Libraries/STM32F30x_StdPeriph_Driver/src/stm32f30x_gpio.o
 .comment       0x00000000       0x71 Libraries/STM32F30x_StdPeriph_Driver/src/stm32f30x_i2c.o
 .comment       0x00000000       0x71 Libraries/STM32F30x_StdPeriph_Driver/src/stm32f30x_misc.o
 .comment       0x00000000       0x71 Libraries/STM32F30x_StdPeriph_Driver/src/stm32f30x_rcc.o
 .comment       0x00000000       0x71 Libraries/STM32F30x_StdPeriph_Driver/src/stm32f30x_spi.o
 .comment       0x00000000       0x71 Libraries/STM32F30x_StdPeriph_Driver/src/stm32f30x_syscfg.o
 .comment       0x00000000       0x71 Libraries/STM32F30x_StdPeriph_Driver/src/stm32f30x_tim.o
 .comment       0x00000000       0x71 src/accmag.o
 .comment       0x00000000       0x71 src/control.o
 .comment       0x00000000       0x71 src/gyro.o
 .comment       0x00000000       0x71 src/helpers.o
 .comment       0x00000000       0x71 src/main.o
 .comment       0x00000000       0x71 src/motor.o
 .comment       0x00000000       0x71 src/spi.o
 .comment       0x00000000       0x71 src/stm32f3_discovery.o
 .comment       0x00000000       0x71 src/stm32f3_discovery_l3gd20.o
 .comment       0x00000000       0x71 src/stm32f3_discovery_lsm303dlhc.o
 .comment       0x00000000       0x71 src/system_stm32f30x.o

.debug_frame    0x00000000     0x2c2c
 .debug_frame   0x00000000      0x144 Libraries/STM32F30x_StdPeriph_Driver/src/stm32f30x_dma.o
 .debug_frame   0x00000144       0xec Libraries/STM32F30x_StdPeriph_Driver/src/stm32f30x_exti.o
 .debug_frame   0x00000230      0x180 Libraries/STM32F30x_StdPeriph_Driver/src/stm32f30x_gpio.o
 .debug_frame   0x000003b0      0x4ac Libraries/STM32F30x_StdPeriph_Driver/src/stm32f30x_i2c.o
 .debug_frame   0x0000085c       0x9c Libraries/STM32F30x_StdPeriph_Driver/src/stm32f30x_misc.o
 .debug_frame   0x000008f8      0x44c Libraries/STM32F30x_StdPeriph_Driver/src/stm32f30x_rcc.o
 .debug_frame   0x00000d44      0x398 Libraries/STM32F30x_StdPeriph_Driver/src/stm32f30x_spi.o
 .debug_frame   0x000010dc      0x194 Libraries/STM32F30x_StdPeriph_Driver/src/stm32f30x_syscfg.o
 .debug_frame   0x00001270      0xca4 Libraries/STM32F30x_StdPeriph_Driver/src/stm32f30x_tim.o
 .debug_frame   0x00001f14       0x90 src/accmag.o
 .debug_frame   0x00001fa4      0x1d8 src/control.o
 .debug_frame   0x0000217c       0x50 src/gyro.o
 .debug_frame   0x000021cc      0x158 src/helpers.o
 .debug_frame   0x00002324       0x30 src/main.o
 .debug_frame   0x00002354      0x104 src/motor.o
 .debug_frame   0x00002458       0xe4 src/spi.o
 .debug_frame   0x0000253c       0xc4 src/stm32f3_discovery.o
 .debug_frame   0x00002600      0x1a8 src/stm32f3_discovery_l3gd20.o
 .debug_frame   0x000027a8      0x228 src/stm32f3_discovery_lsm303dlhc.o
 .debug_frame   0x000029d0       0x64 src/system_stm32f30x.o
 .debug_frame   0x00002a34       0x28 /home/reinder/programs/gcc-arm-embedded/gcc-arm-none-eabi-4_7-2013q1/bin/../lib/gcc/arm-none-eabi/4.7.3/../../../../arm-none-eabi/lib/armv7e-m/fpu/libm.a(lib_a-s_round.o)
 .debug_frame   0x00002a5c       0x20 /home/reinder/programs/gcc-arm-embedded/gcc-arm-none-eabi-4_7-2013q1/bin/../lib/gcc/arm-none-eabi/4.7.3/../../../../arm-none-eabi/lib/armv7e-m/fpu/libm.a(lib_a-w_atan2.o)
 .debug_frame   0x00002a7c       0x30 /home/reinder/programs/gcc-arm-embedded/gcc-arm-none-eabi-4_7-2013q1/bin/../lib/gcc/arm-none-eabi/4.7.3/../../../../arm-none-eabi/lib/armv7e-m/fpu/libm.a(lib_a-e_atan2.o)
 .debug_frame   0x00002aac       0x38 /home/reinder/programs/gcc-arm-embedded/gcc-arm-none-eabi-4_7-2013q1/bin/../lib/gcc/arm-none-eabi/4.7.3/../../../../arm-none-eabi/lib/armv7e-m/fpu/libm.a(lib_a-s_atan.o)
 .debug_frame   0x00002ae4       0x20 /home/reinder/programs/gcc-arm-embedded/gcc-arm-none-eabi-4_7-2013q1/bin/../lib/gcc/arm-none-eabi/4.7.3/../../../../arm-none-eabi/lib/armv7e-m/fpu/libm.a(lib_a-s_fabs.o)
 .debug_frame   0x00002b04       0x34 /home/reinder/programs/gcc-arm-embedded/gcc-arm-none-eabi-4_7-2013q1/bin/../lib/gcc/arm-none-eabi/4.7.3/../../../../arm-none-eabi/lib/armv7e-m/fpu/libc.a(lib_a-__atexit.o)
 .debug_frame   0x00002b38       0x2c /home/reinder/programs/gcc-arm-embedded/gcc-arm-none-eabi-4_7-2013q1/bin/../lib/gcc/arm-none-eabi/4.7.3/../../../../arm-none-eabi/lib/armv7e-m/fpu/libc.a(lib_a-fini.o)
 .debug_frame   0x00002b64       0x30 /home/reinder/programs/gcc-arm-embedded/gcc-arm-none-eabi-4_7-2013q1/bin/../lib/gcc/arm-none-eabi/4.7.3/../../../../arm-none-eabi/lib/armv7e-m/fpu/libc.a(lib_a-init.o)
 .debug_frame   0x00002b94       0x30 /home/reinder/programs/gcc-arm-embedded/gcc-arm-none-eabi-4_7-2013q1/bin/../lib/gcc/arm-none-eabi/4.7.3/../../../../arm-none-eabi/lib/armv7e-m/fpu/libc.a(lib_a-memcpy.o)
 .debug_frame   0x00002bc4       0x48 /home/reinder/programs/gcc-arm-embedded/gcc-arm-none-eabi-4_7-2013q1/bin/../lib/gcc/arm-none-eabi/4.7.3/../../../../arm-none-eabi/lib/armv7e-m/fpu/libc.a(lib_a-__call_atexit.o)
 .debug_frame   0x00002c0c       0x20 /home/reinder/programs/gcc-arm-embedded/gcc-arm-none-eabi-4_7-2013q1/bin/../lib/gcc/arm-none-eabi/4.7.3/../../../../arm-none-eabi/lib/armv7e-m/fpu/libc.a(lib_a-atexit.o)
